[top20.hanhtrinhlotxac.vn/index.html]
[backblue.gif]
[fade.gif]
[index.html]
[top20.hanhtrinhlotxac.vn/wp-content/themes/Hanhtrinhlotxac2019/thumb-top2x.jpg]
[top20.hanhtrinhlotxac.vn/wp-content/themes/Hanhtrinhlotxac2019/template_trang_chu_moi_nhat/media/css/style5055.css]
[top20.hanhtrinhlotxac.vn/wp-content/themes/Hanhtrinhlotxac2019/template_trang_chu_moi_nhat/media/images/logo1f4a.png]
[top20.hanhtrinhlotxac.vn/wp-content/themes/Hanhtrinhlotxac2019/template_trang_chu_moi_nhat/media/images/heart.svg]
[top20.hanhtrinhlotxac.vn/baiduthi/do-thi-binh/index.html]
[top20.hanhtrinhlotxac.vn/wp-content/themes/Hanhtrinhlotxac2019/template_trang_chu_moi_nhat/media/js/lib-min.js]
[top20.hanhtrinhlotxac.vn/baiduthi/mac-thi-thai/index.html]
[top20.hanhtrinhlotxac.vn/baiduthi/bui-van-quang/index.html]
[top20.hanhtrinhlotxac.vn/baiduthi/tran-thi-thu-hien/index.html]
[top20.hanhtrinhlotxac.vn/wp-content/themes/Hanhtrinhlotxac2019/template_trang_chu_moi_nhat/media/dist/tiny.slider.min.js]
[top20.hanhtrinhlotxac.vn/baiduthi/thi-ty/index.html]
[top20.hanhtrinhlotxac.vn/wp-content/themes/Hanhtrinhlotxac2019/template_trang_chu_moi_nhat/media/js/setupb52e.js]
[ajax.googleapis.com/ajax/libs/jquery/3.5.1/jquery.min.js]
[top20.hanhtrinhlotxac.vn/baiduthi/tran-thanh-hien/index.html]
[top20.hanhtrinhlotxac.vn/baiduthi/vu-thi-my/index.html]
[top20.hanhtrinhlotxac.vn/index.html]
[connect.facebook.net/en_US/fbevents.js]
[top20.hanhtrinhlotxac.vn/baiduthi/tran-thi-thuy/index.html]
[top20.hanhtrinhlotxac.vn/baiduthi/phan-thi-phuc/index.html]
[top20.hanhtrinhlotxac.vn/baiduthi/nguyen-kim-phuong/index.html]
[top20.hanhtrinhlotxac.vn/wp-content/themes/Hanhtrinhlotxac2019/template_trang_chu_moi_nhat/media/fonts/fontelloe032.woff]
[top20.hanhtrinhlotxac.vn/wp-content/themes/Hanhtrinhlotxac2019/template_trang_chu_moi_nhat/media/images/t1-bg.jpg]
[top20.hanhtrinhlotxac.vn/wp-content/themes/Hanhtrinhlotxac2019/template_trang_chu_moi_nhat/media/images/t1-bg-m.jpg]
[top20.hanhtrinhlotxac.vn/baiduthi/nguyen-thi-bich-ngan/index.html]
[top20.hanhtrinhlotxac.vn/wp-content/themes/Hanhtrinhlotxac2019/template_trang_chu_moi_nhat/media/images/t3-bg.jpg]
[top20.hanhtrinhlotxac.vn/wp-content/themes/Hanhtrinhlotxac2019/template_trang_chu_moi_nhat/media/images/t3-bg-m.jpg]
[top20.hanhtrinhlotxac.vn/wp-content/themes/Hanhtrinhlotxac2019/template_trang_chu_moi_nhat/media/images/t4-bg.jpg]
[top20.hanhtrinhlotxac.vn/wp-content/themes/Hanhtrinhlotxac2019/template_trang_chu_moi_nhat/media/images/t4-bg-m.jpg]
[top20.hanhtrinhlotxac.vn/wp-content/themes/Hanhtrinhlotxac2019/template_trang_chu_moi_nhat/media/images/t5-bg.jpg]
[top20.hanhtrinhlotxac.vn/baiduthi/nguyen-thi-nga/index.html]
[top20.hanhtrinhlotxac.vn/wp-content/themes/Hanhtrinhlotxac2019/template_trang_chu_moi_nhat/media/images/logo.png]
[top20.hanhtrinhlotxac.vn/wp-content/themes/Hanhtrinhlotxac2019/template_trang_chu_moi_nhat/media/css/style5055.css]
[top20.hanhtrinhlotxac.vn/wp-content/themes/Hanhtrinhlotxac2019/template_trang_chu_moi_nhat/media/images/pop-map.jpg]
[top20.hanhtrinhlotxac.vn/wp-content/themes/Hanhtrinhlotxac2019/template_trang_chu_moi_nhat/media/images/heart.svg]
[top20.hanhtrinhlotxac.vn/baiduthi/vu-thi-hop/index.html]
[top20.hanhtrinhlotxac.vn/wp-includes/css/dist/block-library/style.mind03b.css]
[top20.hanhtrinhlotxac.vn/baiduthi/vo-van-nam/index.html]
[top20.hanhtrinhlotxac.vn/baiduthi/nguyen-thi-be/index.html]
[top20.hanhtrinhlotxac.vn/baiduthi/vu-thi-huyen/index.html]
[top20.hanhtrinhlotxac.vn/xmlrpc0db0.php]
[top20.hanhtrinhlotxac.vn/wp-includes/wlwmanifest.xml]
[top20.hanhtrinhlotxac.vn/baiduthi/pham-thi-dieu-thuy/index.html]
[top20.hanhtrinhlotxac.vn/baiduthi/le-phu-buu/index.html]
[top20.hanhtrinhlotxac.vn/baiduthi/nguyen-thi-hang/index.html]
[top20.hanhtrinhlotxac.vn/wp-json/oembed/1.0/embed93fd.json]
[top20.hanhtrinhlotxac.vn/baiduthi/nguyen-thi-ngoc-yen/index.html]
[top20.hanhtrinhlotxac.vn/baiduthi/nguyen-thanh-nhan/index.html]
[top20.hanhtrinhlotxac.vn/fbthum/index9c2b.html]
[top20.hanhtrinhlotxac.vn/wp-json/oembed/1.0/embed1971]
[top20.hanhtrinhlotxac.vn/wp-json/index.html]
[top20.hanhtrinhlotxac.vn/wp-content/themes/Hanhtrinhlotxac2019/Module/Post/media/css/post1f4a.css]
[www.googleadservices.com/pagead/f.txt]
[top20.hanhtrinhlotxac.vn/wp-content/themes/Hanhtrinhlotxac2019/Module/Post/media/images/logo1f4a.png]
[top20.hanhtrinhlotxac.vn/wp-content/themes/Hanhtrinhlotxac2019/Module/Post/media/css/post4022.css]
[top20.hanhtrinhlotxac.vn/wp-content/uploads/2020/09/Do-Thi-Binh-1-1.jpg]
[top20.hanhtrinhlotxac.vn/wp-content/uploads/2020/09/do-thi-binh-mb.jpg]
[top20.hanhtrinhlotxac.vn/wp-content/themes/Hanhtrinhlotxac2019/Module/Post/media/images/post/icon-logo.png]
[top20.hanhtrinhlotxac.vn/wp-content/themes/Hanhtrinhlotxac2019/Module/Post/media/images/post/banner-post.jpg]
[top20.hanhtrinhlotxac.vn/wp-content/themes/Hanhtrinhlotxac2019/Module/Post/media/images/post/banner-post-m.jpg]
[top20.hanhtrinhlotxac.vn/wp-content/uploads/2020/09/do-thi-binh.jpg]
[top20.hanhtrinhlotxac.vn/wp-content/uploads/2020/09/do-thi-binh-3.jpg]
[top20.hanhtrinhlotxac.vn/wp-content/uploads/2020/09/do-thi-binh-4.jpg]
[top20.hanhtrinhlotxac.vn/rs/index7ba1.html]
[top20.hanhtrinhlotxac.vn/rs/index86e1.html]
[top20.hanhtrinhlotxac.vn/rs/indexd2a0.html]
[top20.hanhtrinhlotxac.vn/wp-content/themes/Hanhtrinhlotxac2019/Module/Post/media/js/jquery.min.js]
[top20.hanhtrinhlotxac.vn/wp-content/themes/Hanhtrinhlotxac2019/Module/Post/media/js/lib-min.js]
[top20.hanhtrinhlotxac.vn/wp-content/themes/Hanhtrinhlotxac2019/Module/Post/media/js/tiny-slider.js]
[top20.hanhtrinhlotxac.vn/wp-content/themes/Hanhtrinhlotxac2019/Module/Post/media/js/smoothproducts.min.js]
[top20.hanhtrinhlotxac.vn/wp-content/themes/Hanhtrinhlotxac2019/Module/Post/media/js/setup77ae.js]
[top20.hanhtrinhlotxac.vn/baiduthi/do-thi-binh/index.html]
[top20.hanhtrinhlotxac.vn/wp-content/themes/Hanhtrinhlotxac2019/vote1bce.js]
[top20.hanhtrinhlotxac.vn/wp-json/oembed/1.0/embed7c20.json]
[top20.hanhtrinhlotxac.vn/fbthum/index905c.html]
[top20.hanhtrinhlotxac.vn/wp-json/oembed/1.0/embedfffb]
[top20.hanhtrinhlotxac.vn/wp-content/uploads/2020/09/Bui-Van-Quang-1.jpg]
[top20.hanhtrinhlotxac.vn/wp-content/uploads/2020/09/Bui-Van-Quang-mobile-1.jpg]
[top20.hanhtrinhlotxac.vn/wp-content/uploads/2020/09/bui-van-quang.jpg]
[top20.hanhtrinhlotxac.vn/wp-content/uploads/2020/09/bui-van-quang-2.jpg]
[top20.hanhtrinhlotxac.vn/wp-content/uploads/2020/09/bui-van-quang-4.jpg]
[top20.hanhtrinhlotxac.vn/rs/index914e.html]
[top20.hanhtrinhlotxac.vn/rs/indexb76d.html]
[top20.hanhtrinhlotxac.vn/rs/index6f0a.html]
[top20.hanhtrinhlotxac.vn/baiduthi/bui-van-quang/index.html]
[top20.hanhtrinhlotxac.vn/wp-json/oembed/1.0/embed692b.json]
[top20.hanhtrinhlotxac.vn/fbthum/indexb998.html]
[top20.hanhtrinhlotxac.vn/wp-json/oembed/1.0/embede8e1]
[top20.hanhtrinhlotxac.vn/wp-content/uploads/2020/09/Thai1.jpg]
[top20.hanhtrinhlotxac.vn/wp-content/uploads/2020/09/thai2.jpg]
[top20.hanhtrinhlotxac.vn/wp-content/uploads/2020/09/mac-thi-thai.jpg]
[top20.hanhtrinhlotxac.vn/wp-content/uploads/2020/09/mac-thi-thai-3.jpg]
[top20.hanhtrinhlotxac.vn/wp-content/uploads/2020/09/mac-thi-thai-4.jpg]
[top20.hanhtrinhlotxac.vn/rs/index1342.html]
[top20.hanhtrinhlotxac.vn/baiduthi/mac-thi-thai/index.html]
[top20.hanhtrinhlotxac.vn/rs/index2223.html]
[top20.hanhtrinhlotxac.vn/rs/indexfee3.html]
[top20.hanhtrinhlotxac.vn/wp-json/oembed/1.0/embedc3b3.json]
[top20.hanhtrinhlotxac.vn/fbthum/index7760.html]
[top20.hanhtrinhlotxac.vn/wp-json/oembed/1.0/embed610e]
[top20.hanhtrinhlotxac.vn/wp-content/uploads/2020/09/hien2.jpg]
[top20.hanhtrinhlotxac.vn/wp-content/uploads/2020/09/hien.jpg]
[top20.hanhtrinhlotxac.vn/wp-content/uploads/2020/09/tran-thi-thanh-hien.jpg]
[top20.hanhtrinhlotxac.vn/wp-content/uploads/2020/09/tran-thi-thu-hien-4.jpg]
[top20.hanhtrinhlotxac.vn/wp-content/uploads/2020/09/tran-thi-thu-hien-3.jpg]
[top20.hanhtrinhlotxac.vn/rs/index8727.html]
[top20.hanhtrinhlotxac.vn/rs/index8687.html]
[top20.hanhtrinhlotxac.vn/baiduthi/tran-thi-thu-hien/index.html]
[top20.hanhtrinhlotxac.vn/rs/index6e86.html]
[top20.hanhtrinhlotxac.vn/wp-json/oembed/1.0/embed0861.json]
[top20.hanhtrinhlotxac.vn/fbthum/indexec4a.html]
[top20.hanhtrinhlotxac.vn/wp-json/oembed/1.0/embeddd05]
[top20.hanhtrinhlotxac.vn/wp-content/uploads/2020/09/chi-ty2.jpg]
[top20.hanhtrinhlotxac.vn/wp-content/uploads/2020/09/chi-ty1.jpg]
[top20.hanhtrinhlotxac.vn/wp-content/uploads/2020/09/thi-ty.jpg]
[top20.hanhtrinhlotxac.vn/wp-content/uploads/2020/09/thi-Ty-4.jpg]
[top20.hanhtrinhlotxac.vn/wp-content/uploads/2020/09/thi-ty-2.jpg]
[top20.hanhtrinhlotxac.vn/rs/index53c8.html]
[top20.hanhtrinhlotxac.vn/rs/index36f4.html]
[top20.hanhtrinhlotxac.vn/baiduthi/thi-ty/index.html]
[top20.hanhtrinhlotxac.vn/rs/indexccc3.html]
[top20.hanhtrinhlotxac.vn/wp-json/oembed/1.0/embeda707.json]
[top20.hanhtrinhlotxac.vn/fbthum/indexc39e.html]
[top20.hanhtrinhlotxac.vn/wp-json/oembed/1.0/embed1569]
[top20.hanhtrinhlotxac.vn/wp-content/uploads/2020/09/Tran-thanh-hien-3.jpg]
[top20.hanhtrinhlotxac.vn/wp-content/uploads/2020/09/tran-thanh-hien-mobile.jpg]
[top20.hanhtrinhlotxac.vn/wp-content/uploads/2020/09/Tran-Thanh-hien.jpg]
[top20.hanhtrinhlotxac.vn/wp-content/uploads/2020/09/tran-thanh-hien-2.jpg]
[top20.hanhtrinhlotxac.vn/wp-content/uploads/2020/09/tran-thanh-hien-5.jpg]
[top20.hanhtrinhlotxac.vn/rs/index609a.html]
[top20.hanhtrinhlotxac.vn/baiduthi/tran-thanh-hien/index.html]
[top20.hanhtrinhlotxac.vn/rs/index06e4.html]
[top20.hanhtrinhlotxac.vn/rs/index62f9.html]
[top20.hanhtrinhlotxac.vn/wp-json/oembed/1.0/embed8886.json]
[top20.hanhtrinhlotxac.vn/fbthum/indexeb91.html]
[top20.hanhtrinhlotxac.vn/wp-json/oembed/1.0/embed097e]
[top20.hanhtrinhlotxac.vn/wp-content/uploads/2020/09/My2.jpg]
[top20.hanhtrinhlotxac.vn/wp-content/uploads/2020/09/my.jpg]
[top20.hanhtrinhlotxac.vn/wp-content/uploads/2020/09/Vu-Thi-My.jpg]
[top20.hanhtrinhlotxac.vn/wp-content/uploads/2020/09/vu-thi-my-3.jpg]
[top20.hanhtrinhlotxac.vn/wp-content/uploads/2020/09/vu-thi-my-2.jpg]
[top20.hanhtrinhlotxac.vn/rs/index11ac.html]
[top20.hanhtrinhlotxac.vn/rs/indexaab0.html]
[top20.hanhtrinhlotxac.vn/baiduthi/vu-thi-my/index.html]
[top20.hanhtrinhlotxac.vn/rs/index5ecc.html]
[top20.hanhtrinhlotxac.vn/wp-json/oembed/1.0/embed42d3.json]
[top20.hanhtrinhlotxac.vn/fbthum/index146c.html]
[top20.hanhtrinhlotxac.vn/wp-json/oembed/1.0/embed7e40]
[top20.hanhtrinhlotxac.vn/wp-content/uploads/2020/09/Tran-Thi-Thuy.jpg]
[top20.hanhtrinhlotxac.vn/wp-content/uploads/2020/09/Tran-Thi-Thuy_mobile.jpg]
[top20.hanhtrinhlotxac.vn/wp-content/uploads/2020/09/Tran-Thi_thuy.jpg]
[top20.hanhtrinhlotxac.vn/wp-content/uploads/2020/09/tran-thi-thuy-4.jpg]
[top20.hanhtrinhlotxac.vn/wp-content/uploads/2020/09/tran-thi-thuy-3.jpg]
[top20.hanhtrinhlotxac.vn/rs/index679f.html]
[top20.hanhtrinhlotxac.vn/rs/indexde6c.html]
[top20.hanhtrinhlotxac.vn/baiduthi/tran-thi-thuy/index.html]
[top20.hanhtrinhlotxac.vn/rs/index5855.html]
[top20.hanhtrinhlotxac.vn/wp-json/oembed/1.0/embeddb23.json]
[top20.hanhtrinhlotxac.vn/fbthum/indexf3dd.html]
[top20.hanhtrinhlotxac.vn/wp-json/oembed/1.0/embeddfe3]
[top20.hanhtrinhlotxac.vn/wp-content/uploads/2020/09/kim-phuong-2.jpg]
[top20.hanhtrinhlotxac.vn/wp-content/uploads/2020/09/kim-phuong-1.jpg]
[top20.hanhtrinhlotxac.vn/wp-content/uploads/2020/09/nguyen-kim-phuong.jpg]
[top20.hanhtrinhlotxac.vn/wp-content/uploads/2020/09/nguyen-kim-phuong-2.jpg]
[top20.hanhtrinhlotxac.vn/rs/indexf8b4.html]
[top20.hanhtrinhlotxac.vn/wp-content/uploads/2020/09/nguyen-kim-phuong-4.jpg]
[top20.hanhtrinhlotxac.vn/rs/indexcfd1.html]
[top20.hanhtrinhlotxac.vn/rs/index6168.html]
[top20.hanhtrinhlotxac.vn/baiduthi/nguyen-kim-phuong/index.html]
[top20.hanhtrinhlotxac.vn/wp-json/oembed/1.0/embed13d0.json]
[top20.hanhtrinhlotxac.vn/fbthum/index8816.html]
[top20.hanhtrinhlotxac.vn/wp-json/oembed/1.0/embeddff6]
[top20.hanhtrinhlotxac.vn/wp-content/uploads/2020/09/Phan-Thi-Phuc-1.jpg]
[top20.hanhtrinhlotxac.vn/wp-content/uploads/2020/09/phan-thi-phuc-mobile.jpg]
[top20.hanhtrinhlotxac.vn/wp-content/uploads/2020/09/Phan-thi-phuc.jpg]
[top20.hanhtrinhlotxac.vn/wp-content/uploads/2020/09/phan-thi-phuc-3.jpg]
[top20.hanhtrinhlotxac.vn/wp-content/uploads/2020/09/phan-thi-phuc-4.jpg]
[top20.hanhtrinhlotxac.vn/rs/indexf169.html]
[top20.hanhtrinhlotxac.vn/rs/indexd190.html]
[top20.hanhtrinhlotxac.vn/baiduthi/phan-thi-phuc/index.html]
[top20.hanhtrinhlotxac.vn/rs/indexdaed.html]
[top20.hanhtrinhlotxac.vn/wp-content/uploads/2020/09/thumb-bich-ngan.jpg]
[top20.hanhtrinhlotxac.vn/wp-json/oembed/1.0/embedf4b3.json]
[top20.hanhtrinhlotxac.vn/fbthum/indexf45e.html]
[top20.hanhtrinhlotxac.vn/wp-json/oembed/1.0/embeda67e]
[top20.hanhtrinhlotxac.vn/wp-content/uploads/2020/09/bich-ngan-pc.jpg]
[top20.hanhtrinhlotxac.vn/wp-content/uploads/2020/09/bich-ngan-mobile.png]
[top20.hanhtrinhlotxac.vn/wp-content/uploads/2020/09/nguyen-thi-bich-ngan.jpg]
[top20.hanhtrinhlotxac.vn/wp-content/uploads/2020/09/nguyen-thi-bich-ngan-2.jpg]
[top20.hanhtrinhlotxac.vn/wp-content/uploads/2020/09/nguyen-thi-bich-ngan-4.jpg]
[top20.hanhtrinhlotxac.vn/rs/index6a8c.html]
[top20.hanhtrinhlotxac.vn/rs/index24e1.html]
[top20.hanhtrinhlotxac.vn/baiduthi/nguyen-thi-bich-ngan/index.html]
[top20.hanhtrinhlotxac.vn/rs/index6a83.html]
[top20.hanhtrinhlotxac.vn/wp-json/oembed/1.0/embedb137.json]
[top20.hanhtrinhlotxac.vn/fbthum/index5eda.html]
[top20.hanhtrinhlotxac.vn/wp-json/oembed/1.0/embedefea]
[top20.hanhtrinhlotxac.vn/wp-content/themes/Hanhtrinhlotxac2019/Module/Post/media/images/post/t1-post68b3.jpg]
[top20.hanhtrinhlotxac.vn/wp-content/themes/Hanhtrinhlotxac2019/Module/Post/media/images/post/t1-post-m68b3.jpg]
[top20.hanhtrinhlotxac.vn/wp-content/uploads/2020/09/nguyen-thi-nga.jpg]
[top20.hanhtrinhlotxac.vn/wp-content/uploads/2020/09/nga-5.jpg]
[top20.hanhtrinhlotxac.vn/wp-content/uploads/2020/09/nga-4.jpg]
[top20.hanhtrinhlotxac.vn/rs/index4649.html]
[top20.hanhtrinhlotxac.vn/rs/indexf14c.html]
[top20.hanhtrinhlotxac.vn/rs/indexa66d.html]
[top20.hanhtrinhlotxac.vn/baiduthi/nguyen-thi-nga/index.html]
[top20.hanhtrinhlotxac.vn/wp-json/oembed/1.0/embed2c28.json]
[top20.hanhtrinhlotxac.vn/fbthum/index4659.html]
[top20.hanhtrinhlotxac.vn/wp-json/oembed/1.0/embedaa93]
[top20.hanhtrinhlotxac.vn/wp-content/uploads/2020/09/Vu-Thi-Hop-1.jpg]
[top20.hanhtrinhlotxac.vn/wp-content/uploads/2020/09/Vu-Thi-Hop-2-2.jpg]
[top20.hanhtrinhlotxac.vn/wp-content/uploads/2020/09/Vu-Thi-Hop.jpg]
[top20.hanhtrinhlotxac.vn/wp-content/uploads/2020/09/vu-thi-hop-3.jpg]
[top20.hanhtrinhlotxac.vn/wp-content/uploads/2020/09/vu-thi-hop-4.jpg]
[top20.hanhtrinhlotxac.vn/rs/indexc51d.html]
[top20.hanhtrinhlotxac.vn/rs/indexa7dd.html]
[top20.hanhtrinhlotxac.vn/baiduthi/vu-thi-hop/index.html]
[top20.hanhtrinhlotxac.vn/rs/index925f.html]
[top20.hanhtrinhlotxac.vn/wp-json/oembed/1.0/embed43b4.json]
[top20.hanhtrinhlotxac.vn/fbthum/indexba1b.html]
[top20.hanhtrinhlotxac.vn/wp-json/oembed/1.0/embed10a0]
[top20.hanhtrinhlotxac.vn/wp-content/uploads/2020/09/vo-van-nam-pc.jpg]
[top20.hanhtrinhlotxac.vn/wp-content/uploads/2020/09/vo-van-nam-mb.jpg]
[top20.hanhtrinhlotxac.vn/wp-content/uploads/2020/09/Vo-Van-Nam.jpg]
[top20.hanhtrinhlotxac.vn/wp-content/uploads/2020/09/vo-van-nam-3.jpg]
[top20.hanhtrinhlotxac.vn/wp-content/uploads/2020/09/vo-van-nam-5.jpg]
[top20.hanhtrinhlotxac.vn/rs/indexb7ee.html]
[top20.hanhtrinhlotxac.vn/rs/index55a2.html]
[top20.hanhtrinhlotxac.vn/baiduthi/vo-van-nam/index.html]
[top20.hanhtrinhlotxac.vn/rs/index8358.html]
[top20.hanhtrinhlotxac.vn/wp-json/oembed/1.0/embedb8bb.json]
[top20.hanhtrinhlotxac.vn/fbthum/indexb50d.html]
[top20.hanhtrinhlotxac.vn/wp-json/oembed/1.0/embedc729]
[top20.hanhtrinhlotxac.vn/wp-content/uploads/2020/09/nguyen-thi-be-pc.jpg]
[top20.hanhtrinhlotxac.vn/wp-content/uploads/2020/09/nguyen-thi-be-mb.jpg]
[top20.hanhtrinhlotxac.vn/wp-content/uploads/2020/09/nguyen-thi-be.jpg]
[top20.hanhtrinhlotxac.vn/wp-content/uploads/2020/09/nguyen-thi-be-4.jpg]
[top20.hanhtrinhlotxac.vn/wp-content/uploads/2020/09/nguyen-thi-be-2.jpg]
[top20.hanhtrinhlotxac.vn/rs/indexd9c6.html]
[top20.hanhtrinhlotxac.vn/baiduthi/nguyen-thi-be/index.html]
[top20.hanhtrinhlotxac.vn/rs/index616b.html]
[top20.hanhtrinhlotxac.vn/rs/indexd9c8.html]
[top20.hanhtrinhlotxac.vn/wp-json/oembed/1.0/embedf56f.json]
[top20.hanhtrinhlotxac.vn/fbthum/index17d5.html]
[top20.hanhtrinhlotxac.vn/wp-json/oembed/1.0/embedb3ba]
[top20.hanhtrinhlotxac.vn/wp-content/uploads/2020/09/vu-thi-huyen-pc.jpg]
[top20.hanhtrinhlotxac.vn/wp-content/uploads/2020/09/vu-thi-huyen-mb.jpg]
[top20.hanhtrinhlotxac.vn/wp-content/uploads/2020/09/Vu-Thi-Huyen.jpg]
[top20.hanhtrinhlotxac.vn/wp-content/uploads/2020/09/vu-thi-huyen-2.jpg]
[top20.hanhtrinhlotxac.vn/wp-content/uploads/2020/09/vu-thi-huyen-3.jpg]
[top20.hanhtrinhlotxac.vn/rs/index6045.html]
[top20.hanhtrinhlotxac.vn/rs/index6fdc.html]
[top20.hanhtrinhlotxac.vn/baiduthi/vu-thi-huyen/index.html]
[top20.hanhtrinhlotxac.vn/rs/index429f.html]
[top20.hanhtrinhlotxac.vn/wp-json/oembed/1.0/embedd294.json]
[top20.hanhtrinhlotxac.vn/fbthum/indexbbc7.html]
[top20.hanhtrinhlotxac.vn/wp-json/oembed/1.0/embedfe61]
[top20.hanhtrinhlotxac.vn/wp-content/uploads/2020/09/Pham-Dieu-Thuy-1.jpg]
[top20.hanhtrinhlotxac.vn/wp-content/uploads/2020/09/Pham-Dieu-Thuy_414x447-1.jpg]
[top20.hanhtrinhlotxac.vn/wp-content/uploads/2020/09/Pham-thi-dieu-thuy.jpg]
[top20.hanhtrinhlotxac.vn/wp-content/uploads/2020/09/dieu-thuy-5.jpg]
[top20.hanhtrinhlotxac.vn/wp-content/uploads/2020/09/dieu-thuy-4.jpg]
[top20.hanhtrinhlotxac.vn/rs/index8ab6.html]
[top20.hanhtrinhlotxac.vn/rs/indexdc58.html]
[top20.hanhtrinhlotxac.vn/baiduthi/pham-thi-dieu-thuy/index.html]
[top20.hanhtrinhlotxac.vn/rs/index55cb.html]
[top20.hanhtrinhlotxac.vn/wp-json/oembed/1.0/embed26f2.json]
[top20.hanhtrinhlotxac.vn/fbthum/indexd7c9.html]
[top20.hanhtrinhlotxac.vn/wp-json/oembed/1.0/embed0fef]
[top20.hanhtrinhlotxac.vn/wp-content/uploads/2020/09/buu-tk2.jpg]
[top20.hanhtrinhlotxac.vn/wp-content/uploads/2020/09/buu-tk.jpg]
[top20.hanhtrinhlotxac.vn/wp-content/uploads/2020/09/le-phu-buu.jpg]
[top20.hanhtrinhlotxac.vn/wp-content/uploads/2020/09/le-phu-buu-4.jpg]
[top20.hanhtrinhlotxac.vn/wp-content/uploads/2020/09/le-phu-buu-2.jpg]
[top20.hanhtrinhlotxac.vn/rs/index1473.html]
[top20.hanhtrinhlotxac.vn/baiduthi/le-phu-buu/index.html]
[top20.hanhtrinhlotxac.vn/rs/index851b.html]
[top20.hanhtrinhlotxac.vn/rs/index60a3.html]
[top20.hanhtrinhlotxac.vn/fbthum/index8e01.html]
[top20.hanhtrinhlotxac.vn/wp-json/oembed/1.0/embedf499.json]
[top20.hanhtrinhlotxac.vn/wp-json/oembed/1.0/embed36fa]
[top20.hanhtrinhlotxac.vn/wp-content/uploads/2020/09/Nguyen-Thi-Hang-1.jpg]
[top20.hanhtrinhlotxac.vn/wp-content/uploads/2020/09/Nguyen-Thi-Hang-5.jpg]
[top20.hanhtrinhlotxac.vn/wp-content/uploads/2020/09/nguyen-thi-hang.jpg]
[top20.hanhtrinhlotxac.vn/wp-content/uploads/2020/09/nguyen-thi-hang-2.jpg]
[top20.hanhtrinhlotxac.vn/wp-content/uploads/2020/09/nguyen-thi-hang-4.jpg]
[top20.hanhtrinhlotxac.vn/rs/indexd383.html]
[top20.hanhtrinhlotxac.vn/baiduthi/nguyen-thi-hang/index.html]
[top20.hanhtrinhlotxac.vn/rs/indexeeb9.html]
[top20.hanhtrinhlotxac.vn/rs/index31f1.html]
[top20.hanhtrinhlotxac.vn/fbthum/indexb950.html]
[top20.hanhtrinhlotxac.vn/wp-json/oembed/1.0/embed7ecc.json]
[top20.hanhtrinhlotxac.vn/wp-json/oembed/1.0/embede721]
[top20.hanhtrinhlotxac.vn/wp-content/uploads/2020/09/Nguyen-thi-ngoc-yen-1.jpg]
[top20.hanhtrinhlotxac.vn/wp-content/uploads/2020/09/ngoc-yen-htlx-mobile.jpg]
[top20.hanhtrinhlotxac.vn/wp-content/uploads/2020/09/nguyen-thi-ngoc-yen.jpg]
[top20.hanhtrinhlotxac.vn/wp-content/uploads/2020/09/ngoc-yen-2.jpg]
[top20.hanhtrinhlotxac.vn/wp-content/uploads/2020/09/ngoc-yen-4.jpg]
[top20.hanhtrinhlotxac.vn/rs/indexb423.html]
[top20.hanhtrinhlotxac.vn/baiduthi/nguyen-thi-ngoc-yen/index.html]
[top20.hanhtrinhlotxac.vn/rs/index3c8f.html]
[top20.hanhtrinhlotxac.vn/rs/index8470.html]
[top20.hanhtrinhlotxac.vn/wp-json/oembed/1.0/embedd1dc.json]
[top20.hanhtrinhlotxac.vn/fbthum/index0114.html]
[top20.hanhtrinhlotxac.vn/wp-json/oembed/1.0/embed7149]
[top20.hanhtrinhlotxac.vn/wp-content/uploads/2020/09/Nguyen-Thanh-Nhan-2-1.jpg]
[top20.hanhtrinhlotxac.vn/wp-content/uploads/2020/09/Nguyen-Thanh-Nhan_mobile-2-1.jpg]
[top20.hanhtrinhlotxac.vn/wp-content/uploads/2020/09/nguyen-thanh-nhan.jpg]
[top20.hanhtrinhlotxac.vn/wp-content/uploads/2020/09/nguyen-thanh-nhan-3.jpg]
[top20.hanhtrinhlotxac.vn/rs/indexa27e.html]
[top20.hanhtrinhlotxac.vn/wp-content/uploads/2020/09/nguyen-thanh-nhan-2.jpg]
[top20.hanhtrinhlotxac.vn/rs/index31ef.html]
[top20.hanhtrinhlotxac.vn/baiduthi/nguyen-thanh-nhan/index.html]
[top20.hanhtrinhlotxac.vn/rs/index1f56.html]
[connect.facebook.net/en_US/fbevents.js]
[top20.hanhtrinhlotxac.vn/wp-includes/css/dist/block-library/style.mind03b.css]
[top20.hanhtrinhlotxac.vn/index9c2b.html]
[top20.hanhtrinhlotxac.vn/wp-content/themes/Hanhtrinhlotxac2019/Module/Post/media/fonts/fontelloe032.woff]
[top20.hanhtrinhlotxac.vn/wp-content/themes/Hanhtrinhlotxac2019/Module/Post/media/images/logo.png]
[top20.hanhtrinhlotxac.vn/wp-content/themes/Hanhtrinhlotxac2019/Module/Post/media/css/post1f4a.css]
[top20.hanhtrinhlotxac.vn/wp-content/themes/Hanhtrinhlotxac2019/Module/Post/media/images/pop-map.jpg]
[top20.hanhtrinhlotxac.vn/wp-content/themes/Hanhtrinhlotxac2019/Module/Post/media/css/post4022.css]
[top20.hanhtrinhlotxac.vn/index905c.html]
[top20.hanhtrinhlotxac.vn/indexb998.html]
[top20.hanhtrinhlotxac.vn/index7760.html]
[top20.hanhtrinhlotxac.vn/indexec4a.html]
[top20.hanhtrinhlotxac.vn/indexc39e.html]
[top20.hanhtrinhlotxac.vn/indexeb91.html]
[top20.hanhtrinhlotxac.vn/index146c.html]
[top20.hanhtrinhlotxac.vn/indexf3dd.html]
[top20.hanhtrinhlotxac.vn/index8816.html]
[top20.hanhtrinhlotxac.vn/indexf45e.html]
[top20.hanhtrinhlotxac.vn/index5eda.html]
[top20.hanhtrinhlotxac.vn/index4659.html]
[top20.hanhtrinhlotxac.vn/indexba1b.html]
[top20.hanhtrinhlotxac.vn/indexb50d.html]
[top20.hanhtrinhlotxac.vn/index17d5.html]
[top20.hanhtrinhlotxac.vn/indexbbc7.html]
[top20.hanhtrinhlotxac.vn/indexd7c9.html]
[top20.hanhtrinhlotxac.vn/index8e01.html]
[top20.hanhtrinhlotxac.vn/indexb950.html]
[top20.hanhtrinhlotxac.vn/index0114.html]
